[31m

processing file: infit_short_scale.qmd
[39m1/21             
2/21 [setup]     
3/21             
4/21 [runner]    
5/21             
6/21 [simfun]    
7/21             
8/21 [run]       
9/21             
10/21 [calib]     
11/21             
12/21 [sidak]     
13/21             
14/21 [null-rules]
15/21             
16/21 [rules]     
17/21             
18/21 [fig-rules] 
19/21             
20/21 [bh-floor]  
21/21             
[31moutput file: infit_short_scale.knit.md

[39m[1mpandoc [22m
  to: typst
  output-file: infit_short_scale.typ
  standalone: true
  shift-heading-level-by: -1
  default-image-extension: svg
  wrap: none
  citeproc: false
  toc: true
  variables: {}
  
[1mmetadata[22m
  engines:
    - path: /Applications/quarto/share/extension-subtrees/julia-engine/_extensions/julia-engine/julia-engine.js
  papersize: a4
  fontsize: 9pt
  title: 'Decision rules on a short scale: five polytomous items'
  subtitle: Does the width-to-error-rate relation hold below nine items?
  author: Magnus Johansson
  date: today
  
[typst]: Compiling infit_short_scale.typ to infit_short_scale.pdf...DONE

Output created: infit_short_scale.pdf

